// Jest Snapshot v1, https://goo.gl/fbAQLP

exports[`InfoCard should render children 1`] = `
<div
  class="test-child"
>
  test-child
</div>
`;
